[INFO] Scanning for projects...
[INFO] 
[INFO] -------------------< com.example:git-review-service >-------------------
[INFO] Building Git Review Service 1.0.0
[INFO]   from pom.xml
[INFO] --------------------------------[ jar ]---------------------------------
[INFO] 
[INFO] --- resources:3.3.1:resources (default-resources) @ git-review-service ---
[INFO] Copying 1 resource from src\main\resources to target\classes
[INFO] Copying 14 resources from src\main\resources to target\classes
[INFO] 
[INFO] --- compiler:3.11.0:compile (default-compile) @ git-review-service ---
[INFO] Changes detected - recompiling the module! :source
[INFO] Compiling 110 source files with javac [debug release 17] to target\classes
[INFO] /D:/agent_workspace/claude-code-review/src/main/java/com/example/gitreview/application/codereview/assembler/ReviewResponseAssembler.java: D:\agent_workspace\claude-code-review\src\main\java\com\example\gitreview\application\codereview\assembler\ReviewResponseAssembler.java使用或覆盖了已过时的 API。
[INFO] /D:/agent_workspace/claude-code-review/src/main/java/com/example/gitreview/application/codereview/assembler/ReviewResponseAssembler.java: 有关详细信息, 请使用 -Xlint:deprecation 重新编译。
[INFO] -------------------------------------------------------------
[ERROR] COMPILATION ERROR : 
[INFO] -------------------------------------------------------------
[ERROR] /D:/agent_workspace/claude-code-review/src/main/java/com/example/gitreview/application/workflow/api/WorkflowController.java:[3,50] 找不到符号
  符号:   类 WorkflowApplicationService
  位置: 程序包 com.example.gitreview.application.workflow
[ERROR] /D:/agent_workspace/claude-code-review/src/main/java/com/example/gitreview/application/workflow/api/WorkflowController.java:[35,13] 找不到符号
  符号:   类 WorkflowApplicationService
  位置: 类 com.example.gitreview.application.workflow.api.WorkflowController
[ERROR] /D:/agent_workspace/claude-code-review/src/main/java/com/example/gitreview/application/codereview/api/ReviewExportController.java:[3,60] 程序包com.example.gitreview.application.codereview.service不存在
[ERROR] /D:/agent_workspace/claude-code-review/src/main/java/com/example/gitreview/application/codereview/api/ReviewController.java:[3,60] 程序包com.example.gitreview.application.codereview.service不存在
[ERROR] /D:/agent_workspace/claude-code-review/src/main/java/com/example/gitreview/application/codereview/api/ReviewController.java:[34,13] 找不到符号
  符号:   类 CodeReviewApplicationService
  位置: 类 com.example.gitreview.application.codereview.api.ReviewController
[INFO] 5 errors 
[INFO] -------------------------------------------------------------
[INFO] ------------------------------------------------------------------------
[INFO] BUILD FAILURE
[INFO] ------------------------------------------------------------------------
[INFO] Total time:  3.245 s
[INFO] Finished at: 2025-10-05T22:13:46+08:00
[INFO] ------------------------------------------------------------------------
[ERROR] Failed to execute goal org.apache.maven.plugins:maven-compiler-plugin:3.11.0:compile (default-compile) on project git-review-service: Compilation failure: Compilation failure: 
[ERROR] /D:/agent_workspace/claude-code-review/src/main/java/com/example/gitreview/application/workflow/api/WorkflowController.java:[3,50] 找不到符号
[ERROR]   符号:   类 WorkflowApplicationService
[ERROR]   位置: 程序包 com.example.gitreview.application.workflow
[ERROR] /D:/agent_workspace/claude-code-review/src/main/java/com/example/gitreview/application/workflow/api/WorkflowController.java:[35,13] 找不到符号
[ERROR]   符号:   类 WorkflowApplicationService
[ERROR]   位置: 类 com.example.gitreview.application.workflow.api.WorkflowController
[ERROR] /D:/agent_workspace/claude-code-review/src/main/java/com/example/gitreview/application/codereview/api/ReviewExportController.java:[3,60] 程序包com.example.gitreview.application.codereview.service不存在
[ERROR] /D:/agent_workspace/claude-code-review/src/main/java/com/example/gitreview/application/codereview/api/ReviewController.java:[3,60] 程序包com.example.gitreview.application.codereview.service不存在
[ERROR] /D:/agent_workspace/claude-code-review/src/main/java/com/example/gitreview/application/codereview/api/ReviewController.java:[34,13] 找不到符号
[ERROR]   符号:   类 CodeReviewApplicationService
[ERROR]   位置: 类 com.example.gitreview.application.codereview.api.ReviewController
[ERROR] -> [Help 1]
[ERROR] 
[ERROR] To see the full stack trace of the errors, re-run Maven with the -e switch.
[ERROR] Re-run Maven using the -X switch to enable full debug logging.
[ERROR] 
[ERROR] For more information about the errors and possible solutions, please read the following articles:
[ERROR] [Help 1] http://cwiki.apache.org/confluence/display/MAVEN/MojoFailureException
